[DIRECT READER 1] SHM 1 обновилась: " writer1 str0 writer7 str0 writer1 str1 writer7 str1"
[DIRECT READER 1] SHM 1 обновилась: " writer1 str0 writer7 str0 writer1 str1 writer7 str1"
[DIRECT READER 1] SHM 1 обновилась: " writer1 str0 writer7 str0 writer1 str1 writer7 str1"
[DIRECT READER 1] SHM 1 обновилась: " writer1 str0 writer7 str0 writer1 str1 writer7 str1"
[DIRECT READER 1] SHM 1 обновилась: " writer1 str0 writer7 str0 writer1 str1 writer7 str1"
[DIRECT READER 1] SHM 1 обновилась: " writer1 str0 writer7 str0 writer1 str1 writer7 str1"
[DIRECT READER 1] SHM 1 обновилась: " writer1 str0 writer7 str0 writer1 str1 writer7 str1"
[DIRECT READER 1] SHM 1 обновилась: " writer1 str0 writer7 str0 writer1 str1 writer7 str1"
[DIRECT READER 1] SHM 1 обновилась: " writer1 str0 writer7 str0 writer1 str1 writer7 str1"
[DIRECT READER 1] SHM 1 обновилась: " writer1 str0 writer7 str0 writer1 str1 writer7 str1"
[DIRECT READER 1] SHM 1 обновилась: " writer1 str0 writer7 str0 writer1 str1 writer7 str1"
[DIRECT READER 1] SHM 1 обновилась: " writer1 str0 writer7 str0 writer1 str1 writer7 str1"
[DIRECT READER 1] SHM 1 обновилась: " writer1 str0 writer7 str0 writer1 str1 writer7 str1"
[DIRECT READER 1] SHM 1 обновилась: " writer1 str0 writer7 str0 writer1 str1 writer7 str1"
[DIRECT READER 1] SHM 1 обновилась: " writer1 str0 writer7 str0 writer1 str1 writer7 str1"
[DIRECT READER 1] SHM 1 обновилась: " writer1 str0 writer7 str0 writer1 str1 writer7 str1"
[DIRECT READER 1] SHM 1 обновилась: " writer1 str0 writer7 str0 writer1 str1 writer7 str1"
[DIRECT READER 1] SHM 1 обновилась: " writer1 str0 writer7 str0 writer1 str1 writer7 str1"
[DIRECT READER 1] SHM 1 обновилась: " writer1 str0 writer7 str0 writer1 str1 writer7 str1"
[DIRECT READER 1] SHM 1 обновилась: " writer1 str0 writer7 str0 writer1 str1 writer7 str1"
[DIRECT READER 1] SHM 1 обновилась: " writer1 str0 writer7 str0 writer1 str1 writer7 str1"
[DIRECT READER 1] SHM 1 обновилась: " writer1 str0 writer7 str0 writer1 str1 writer7 str1"
[DIRECT READER 1] SHM 1 обновилась: " writer1 str0 writer7 str0 writer1 str1 writer7 str1"
[DIRECT READER 1] SHM 1 обновилась: " writer1 str0 writer7 str0 writer1 str1 writer7 str1"
[DIRECT READER 1] SHM 1 обновилась: " writer1 str0 writer7 str0 writer1 str1 writer7 str1"
[DIRECT READER 1] SHM 1 обновилась: " writer1 str0 writer7 str0 writer1 str1 writer7 str1"
[DIRECT READER 1] SHM 1 обновилась: " writer1 str0 writer7 str0 writer1 str1 writer7 str1"
[DIRECT READER 1] SHM 1 обновилась: " writer1 str0 writer7 str0 writer1 str1 writer7 str1"
[DIRECT READER 1] SHM 1 обновилась: " writer1 str0 writer7 str0 writer1 str1 writer7 str1"
[DIRECT READER 1] SHM 1 обновилась: " writer1 str0 writer7 str0 writer1 str1 writer7 str1"
[DIRECT READER 1] SHM 1 обновилась: " writer1 str0 writer7 str0 writer1 str1 writer7 str1"
[DIRECT READER 1] SHM 1 обновилась: " writer1 str0 writer7 str0 writer1 str1 writer7 str1"
[DIRECT READER 1] SHM 1 обновилась: " writer1 str0 writer7 str0 writer1 str1 writer7 str1"
[DIRECT READER 1] SHM 1 обновилась: " writer1 str0 writer7 str0 writer1 str1 writer7 str1"
[DIRECT READER 1] SHM 1 обновилась: " writer1 str0 writer7 str0 writer1 str1 writer7 str1"
[DIRECT READER 1] SHM 1 обновилась: " writer1 str0 writer7 str0 writer1 str1 writer7 str1"
[DIRECT READER 1] SHM 1 обновилась: " writer1 str0 writer7 str0 writer1 str1 writer7 str1"
[DIRECT READER 1] SHM 1 обновилась: " writer1 str0 writer7 str0 writer1 str1 writer7 str1"
[DIRECT READER 1] SHM 1 обновилась: " writer1 str0 writer7 str0 writer1 str1 writer7 str1"
[DIRECT READER 1] SHM 1 обновилась: " writer1 str0 writer7 str0 writer1 str1 writer7 str1"
[DIRECT READER 1] SHM 1 обновилась: " writer1 [DIRECT READER 4] SHM 4 обновилась: " writer4 str0 writer4 str1"
[DIRECT READER 4] SHM 4 обновилась: " writer4 str0 writer4 str1"
[DIRECT READER 4] SHM 4 обновилась: " writer4 str0 writer4 str1"
[DIRECT READER 4] SHM 4 обновилась: " writer4 str0 writer4 str1"
[DIRECT READER 4] SHM 4 обновилась: " writer4 str0 writer4 str1"
[DIRECT READER 4] SHM 4 обновилась: " writer4 str0 writer4 str1"
[DIRECT READER 4] SHM 4 обновилась: " writer4 str0 writer4 str1"
[DIRECT READER 4] SHM 4 обновилась: " writer4 str0 writer4 str1"
[DIRECT READER 4] SHM 4 обновилась: " writer4 str0 writer4 str1"
[DIRECT READER 4] SHM 4 обновилась: " writer4 str0 writer4 str1"
[DIRECT READER 4] SHM 4 обновилась: " writer4 str0 writer4 str1"
[DIRECT READER 4] SHM 4 обновилась: " writer4 str0 writer4 str1"
[DIRECT READER 4] SHM 4 обновилась: " writer4 str0 writer4 str1"
[DIRECT READER 4] SHM 4 обновилась: " writer4 str0 writer4 str1"
[DIRECT READER 4] SHM 4 обновилась: " writer4 str0 writer4 str1"
[DIRECT READER 4] SHM 4 обновилась: " writer4 str0 writer4 str1"
[DIRECT READER 4] SHM 4 обновилась: " writer4 str0 writer4 str1"
[DIRECT READER 4] SHM 4 обновилась: " writer4 str0 writer4 str1"
[DIRECT READER 4] SHM 4 обновилась: " writer4 str0 writer4 str1"
[DIRECT READER 4] SHM 4 обновилась: " writer4 str0 writer4 str1"
[DIRECT READER 4] SHM 4 обновилась: " writer4 str0 writer4 str1"
[DIRECT READER 4] SHM 4 обновилась: " writer4 str0 writer4 str1"
[DIRECT READER 4] SHM 4 обновилась: " writer4 str0 writer4 str1"
[DIRECT READER 4] SHM 4 обновилась: " writer4 str0 writer4 str1"
[DIRECT READER 4] SHM 4 обновилась: " writer4 str0 writer4 str1"
[DIRECT READER 4] SHM 4 обновилась: " writer4 str0 writer4 str1"
[DIRECT READER 4] SHM 4 обновилась: " writer4 str0 writer4 str1"
[DIRECT READER 4] SHM 4 обновилась: " writer4 str0 writer4 str1"
[DIRECT READER 4] SHM 4 обновилась: " writer4 str0 writer4 str1"
[DIRECT READER 4] SHM 4 обновилась: " writer4 str0 writer4 str1"
[DIRECT READER 4] SHM 4 обновилась: " writer4 str0 writer4 str1"
[DIRECT READER 4] SHM 4 обновилась: " writer4 str0 writer4 str1"
[DIRECT READER 4] SHM 4 обновилась: " writer4 str0 writer4 str1"
[DIRECT READER 4] SHM 4 обновилась: " writer4 str0 writer4 str1"
[DIRECT READER 4] SHM 4 обновилась: " writer4 str0 writer4 str1"
[DIRECT READER 4] SHM 4 обновилась: " writer4 str0 writer4 str1"
[DIRECT READER 4] SHM 4 обновилась: " writer4 str0 writer4 str1"
[DIRECT READER 4] SHM 4 обновилась: " writer4 str0 writer4 str1"
[DIRECT READER 4] SHM 4 обновилась: " writer4 str0 writer4 str1"
[DIRECT READER 4] SHM 4 обновилась: " writer4 str0 writer4 str1"
[DIRECT READER 4] SHM 4 обновилась: " writer4 str0 writer4 str1"
[DIRECT READER 4] SHM 4 обновилась: " writer4 str0 writer4 str1"
[DIRECT READER 4] SHM 4 обновилась: " writer4 str0 writer4 str1"
[DIRECT READER 4] SHM 4 обновилась: " writer4 str0 writer4 str1"
[DIRECT READER 4] SHM 4 обновилась: " writer4 str0 writer4 str1"
[DIRECT READER 4] SHM 4 обновилась: " writer4 str0 writer4 str1"
[DIRECT READER 4] SHM 4 обновилась: " writer4 str0 writer4 str1"
[DIRECT READER 4] SHM 4 обновилась: " writer4 str0 writer4 str1"
[DIRECT READER 4] SHM 4 обновилась: " writer4 str0 writer4 str1"
[DIRECT READER 4] SHM 4 обновилась: " writer4 str0 writer4 str1"
[DIRECT READER 4] SHM 4 обновилась: " writer4 str0 writer4 str1"
[DIRECT READER 4] SHM 4 обновилась: " writer4 str0 writer4 str1"
[DIRECT READER 4] SHM 4 обновилась: " writer4 str0 writer4 str1"
[DIRECT READER 4] SHM 4 обновилась: " writer4 str0 writer4 str1"
[DIRECT READER 4] SHM 4 обновилась: [DIRECT READER 5] SHM 5 обновилась: " writer5 str0 writer5 str1"
[DIRECT READER 5] SHM 5 обновилась: " writer5 str0 writer5 str1"
[DIRECT READER 5] SHM 5 обновилась: " writer5 str0 writer5 str1"
[DIRECT READER 5] SHM 5 обновилась: " writer5 str0 writer5 str1"
[DIRECT READER 5] SHM 5 обновилась: " writer5 str0 writer5 str1"
[DIRECT READER 5] SHM 5 обновилась: " writer5 str0 writer5 str1"
[DIRECT READER 5] SHM 5 обновилась: " writer5 str0 writer5 str1"
[DIRECT READER 5] SHM 5 обновилась: " writer5 str0 writer5 str1"
[DIRECT READER 5] SHM 5 обновилась: " writer5 str0 writer5 str1"
[DIRECT READER 5] SHM 5 обновилась: " writer5 str0 writer5 str1"
[DIRECT READER 5] SHM 5 обновилась: " writer5 str0 writer5 str1"
[DIRECT READER 5] SHM 5 обновилась: " writer5 str0 writer5 str1"
[DIRECT READER 5] SHM 5 обновилась: " writer5 str0 writer5 str1"
[DIRECT READER 5] SHM 5 обновилась: " writer5 str0 writer5 str1"
[DIRECT READER 5] SHM 5 обновилась: " writer5 str0 writer5 str1"
[DIRECT READER 5] SHM 5 обновилась: " writer5 str0 writer5 str1"
[DIRECT READER 5] SHM 5 обновилась: " writer5 str0 writer5 str1"
[DIRECT READER 5] SHM 5 обновилась: " writer5 str0 writer5 str1"
[DIRECT READER 5] SHM 5 обновилась: " writer5 str0 writer5 str1"
[DIRECT READER 5] SHM 5 обновилась: " writer5 str0 writer5 str1"
[DIRECT READER 5] SHM 5 обновилась: " writer5 str0 writer5 str1"
[DIRECT READER 5] SHM 5 обновилась: " writer5 str0 writer5 str1"
[DIRECT READER 5] SHM 5 обновилась: " writer5 str0 writer5 str1"
[DIRECT READER 5] SHM 5 обновилась: " writer5 str0 writer5 str1"
[DIRECT READER 5] SHM 5 обновилась: " writer5 str0 writer5 str1"
[DIRECT READER 5] SHM 5 обновилась: " writer5 str0 writer5 str1"
[DIRECT READER 5] SHM 5 обновилась: " writer5 str0 writer5 str1"
[DIRECT READER 5] SHM 5 обновилась: " writer5 str0 writer5 str1"
[DIRECT READER 5] SHM 5 обновилась: " writer5 str0 writer5 str1"
[DIRECT READER 5] SHM 5 обновилась: " writer5 str0 writer5 str1"
[DIRECT READER 5] SHM 5 обновилась: " writer5 str0 writer5 str1"
[DIRECT READER 5] SHM 5 обновилась: " writer5 str0 writer5 str1"
[DIRECT READER 5] SHM 5 обновилась: " writer5 str0 writer5 str1"
[DIRECT READER 5] SHM 5 обновилась: " writer5 str0 writer5 str1"
[DIRECT READER 5] SHM 5 обновилась: " writer5 str0 writer5 str1"
[DIRECT READER 5] SHM 5 обновилась: " writer5 str0 writer5 str1"
[DIRECT READER 5] SHM 5 обновилась: " writer5 str0 writer5 str1"
[DIRECT READER 5] SHM 5 обновилась: " writer5 str0 writer5 str1"
[DIRECT READER 5] SHM 5 обновилась: " writer5 str0 writer5 str1"
[DIRECT READER 5] SHM 5 обновилась: " writer5 str0 writer5 str1"
[DIRECT READER 5] SHM 5 обновилась: " writer5 str0 writer5 str1"
[DIRECT READER 5] SHM 5 обновилась: " writer5 str0 writer5 str1"
[DIRECT READER 5] SHM 5 обновилась: " writer5 str0 writer5 str1"
[DIRECT READER 5] SHM 5 обновилась: " writer5 str0 writer5 str1"
[DIRECT READER 5] SHM 5 обновилась: " writer5 str0 writer5 str1"
[DIRECT READER 5] SHM 5 обновилась: " writer5 str0 writer5 str1"
[DIRECT READER 5] SHM 5 обновилась: " writer5 str0 writer5 str1"
[DIRECT READER 5] SHM 5 обновилась: " writer5 str0 writer5 str1"
[DIRECT READER 5] SHM 5 обновилась: " writer5 str0 writer5 str1"
[DIRECT READER 5] SHM 5 обновилась: " writer5 str0 writer5 str1"
[DIRECT READER 5] SHM 5 обновилась: " writer5 str0 writer5 str1"
[DIRECT READER 5] SHM 5 обновилась: " writer5 str0 writer5 str1"
[DIRECT READER 5] SHM 5 обновилась: " writer5 str0 writer5 str1"
[DIRECT READER 5] SHM 5 обновилась: " writer5 str0 writer5 str1"
[DIRECT READER 5] SHM 5 обновилась: str0 writer7 str0 writer1 str1 writer7 str1"
[DIRECT READER 1] SHM 1 обновилась: " writer1 str0 writer7 str0 writer1 str1 writer7 str1"
[DIRECT READER 1] SHM 1 обновилась: " writer1 str0 writer7 str0 writer1 str1 writer7 str1"
[DIRECT READER 1] SHM 1 обновилась: " writer1 str0 writer7 str0 writer1 str1 writer7 str1"
[DIRECT READER 1] SHM 1 обновилась: " writer1 str0 writer7 str0 writer1 str1 writer7 str1"
[DIRECT READER 1] SHM 1 обновилась: " writer1 str0 writer7 str0 writer1 str1 writer7 str1"
[DIRECT READER 1] SHM 1 обновилась: " writer1 str0 writer7 str0 writer1 str1 writer7 str1"
[DIRECT READER 1] SHM 1 обновилась: " writer1 str0 writer7 str0 writer1 str1 writer7 str1"
[DIRECT READER 1] SHM 1 обновилась: " writer1 str0 writer7 str0 writer1 str1 writer7 str1"
[DIRECT READER 1] SHM 1 обновилась: " writer1 str0 writer7 str0 writer1 str1 writer7 str1"
[DIRECT READER 1] SHM 1 обновилась: " writer1 str0 writer7 str0 writer1 str1 writer7 str1"
[DIRECT READER 1] SHM 1 обновилась: " writer1 str0 writer7 str0 writer1 str1 writer7 str1"
[DIRECT READER 1] SHM 1 обновилась: " writer1 str0 writer7 str0 writer1 str1 writer7 str1"
[DIRECT READER 1] SHM 1 обновилась: " writer1 str0 writer7 str0 writer1 str1 writer7 str1"
[DIRECT READER 1] SHM 1 обновилась: " writer1 str0 writer7 str0 writer1 str1 writer7 str1"
[DIRECT READER 1] SHM 1 обновилась: " writer1 str0 writer7 str0 writer1 str1 writer7 str1"
[DIRECT READER 1] SHM 1 обновилась: " writer1 str0 writer7 str0 writer1 str1 writer7 str1"
[DIRECT READER 1] SHM 1 обновилась: " writer1 str0 writer7 str0 writer1 str1 writer7 str1"
[DIRECT READER 1] SHM 1 обновилась: " writer1 str0 writer7 str0 writer1 str1 writer7 str1"
[DIRECT READER 1] SHM 1 обновилась: " writer1 str0 writer7 str0 writer1 str1 writer7 str1"
[DIRECT READER 1] SHM 1 обновилась: " writer1 str0 writer7 str0 writer1 str1 writer7 str1"
[DIRECT READER 1] SHM 1 обновилась: " writer1 str0 writer7 str0 writer1 str1 writer7 str1"
[DIRECT READER 1] SHM 1 обновилась: " writer1 str0 writer7 str0 writer1 str1 writer7 str1"
[DIRECT READER 1] SHM 1 обновилась: " writer1 str0 writer7 str0 writer1 str1 writer7 str1"
[DIRECT READER 1] SHM 1 обновилась: " writer1 str0 writer7 str0 writer1 str1 writer7 str1"
[DIRECT READER 1] SHM 1 обновилась: " writer1 str0 writer7 str0 writer1 str1 writer7 str1"
[DIRECT READER 1] SHM 1 обновилась: " writer1 str0 writer7 str0 writer1 str1 writer7 str1"
[DIRECT READER 1] SHM 1 обновилась: " writer1 str0 writer7 str0 writer1 str1 writer7 str1"
[DIRECT READER 1] SHM 1 обновилась: " writer1 str0 writer7 str0 writer1 str1 writer7 str1"
[DIRECT READER 1] SHM 1 обновилась: " writer1 str0 writer7 str0 writer1 str1 writer7 str1"
[DIRECT READER 1] SHM 1 обновилась: " writer1 str0 writer7 str0 writer1 str1 writer7 str1"
[DIRECT READER 1] SHM 1 обновилась: " writer1 str0 writer7 str0 writer1 str1 writer7 str1"
[DIRECT READER 1] SHM 1 обновилась: " writer1 str0 writer7 str0 writer1 str1 writer7 str1"
[DIRECT READER 1] SHM 1 обновилась: " writer1 str0 writer7 str0 writer1 str1 writer7 str1"
[DIRECT READER 1] SHM 1 обновилась: " writer1 str0 writer7 str0 writer1 str1 writer7 str1"
[DIRECT READER 1] SHM 1 обновилась: " writer1 str0 writer7 str0 writer1 str1 writer7 str1"
[DIRECT READER 1] SHM 1 обновилась: " writer1 str0 writer7 str0 writer1 str1 writer7 str1"
[DIRECT READER 1] SHM 1 обновилась: " writer1 str0 writer7 str0 writer1 str1 writer7 str1"
[DIRECT READER 1] SHM 1 обновилась: " writer1 str0 writer7 str0 writer1 str1 writer7 str1"
[DIRECT READER 1] SHM 1 обновилась: " writer1 str0 writer7 str0 writer1 str1 writer7 str1"
[DIRECT READER 1] SHM 1 обновилась: " writer1 str0 writer7 str0 writer1 str1 writer7 str1"
[DIRECT REA[DIRECT READER 3] SHM 3 обновилась: " writer3 str0 writer3 str1"
[DIRECT READER 3] SHM 3 обновилась: " writer3 str0 writer3 str1"
[DIRECT READER 3] SHM 3 обновилась: " writer3 str0 writer3 str1"
[DIRECT READER 3] SHM 3 обновилась: " writer3 str0 writer3 str1"
[DIRECT READER 3] SHM 3 обновилась: " writer3 str0 writer3 str1"
[DIRECT READER 3] SHM 3 обновилась: " writer3 str0 writer3 str1"
[DIRECT READER 3] SHM 3 обновилась: " writer3 str0 writer3 str1"
[DIRECT READER 3] SHM 3 обновилась: " writer3 str0 writer3 str1"
[DIRECT READER 3] SHM 3 обновилась: " writer3 str0 writer3 str1"
[DIRECT READER 3] SHM 3 обновилась: " writer3 str0 writer3 str1"
[DIRECT READER 3] SHM 3 обновилась: " writer3 str0 writer3 str1"
[DIRECT READER 3] SHM 3 обновилась: " writer3 str0 writer3 str1"
[DIRECT READER 3] SHM 3 обновилась: " writer3 str0 writer3 str1"
[DIRECT READER 3] SHM 3 обновилась: " writer3 str0 writer3 str1"
[DIRECT READER 3] SHM 3 обновилась: " writer3 str0 writer3 str1"
[DIRECT READER 3] SHM 3 обновилась: " writer3 str0 writer3 str1"
[DIRECT READER 3] SHM 3 обновилась: " writer3 str0 writer3 str1"
[DIRECT READER 3] SHM 3 обновилась: " writer3 str0 writer3 str1"
[DIRECT READER 3] SHM 3 обновилась: " writer3 str0 writer3 str1"
[DIRECT READER 3] SHM 3 обновилась: " writer3 str0 writer3 str1"
[DIRECT READER 3] SHM 3 обновилась: " writer3 str0 writer3 str1"
[DIRECT READER 3] SHM 3 обновилась: " writer3 str0 writer3 str1"
[DIRECT READER 3] SHM 3 обновилась: " writer3 str0 writer3 str1"
[DIRECT READER 3] SHM 3 обновилась: " writer3 str0 writer3 str1"
[DIRECT READER 3] SHM 3 обновилась: " writer3 str0 writer3 str1"
[DIRECT READER 3] SHM 3 обновилась: " writer3 str0 writer3 str1"
[DIRECT READER 3] SHM 3 обновилась: " writer3 str0 writer3 str1"
[DIRECT READER 3] SHM 3 обновилась: " writer3 str0 writer3 str1"
[DIRECT READER 3] SHM 3 обновилась: " writer3 str0 writer3 str1"
[DIRECT READER 3] SHM 3 обновилась: " writer3 str0 writer3 str1"
[DIRECT READER 3] SHM 3 обновилась: " writer3 str0 writer3 str1"
[DIRECT READER 3] SHM 3 обновилась: " writer3 str0 writer3 str1"
[DIRECT READER 3] SHM 3 обновилась: " writer3 str0 writer3 str1"
[DIRECT READER 3] SHM 3 обновилась: " writer3 str0 writer3 str1"
[DIRECT READER 3] SHM 3 обновилась: " writer3 str0 writer3 str1"
[DIRECT READER 3] SHM 3 обновилась: " writer3 str0 writer3 str1"
[DIRECT READER 3] SHM 3 обновилась: " writer3 str0 writer3 str1"
[DIRECT READER 3] SHM 3 обновилась: " writer3 str0 writer3 str1"
[DIRECT READER 3] SHM 3 обновилась: " writer3 str0 writer3 str1"
[DIRECT READER 3] SHM 3 обновилась: " writer3 str0 writer3 str1"
[DIRECT READER 3] SHM 3 обновилась: " writer3 str0 writer3 str1"
[DIRECT READER 3] SHM 3 обновилась: " writer3 str0 writer3 str1"
[DIRECT READER 3] SHM 3 обновилась: " writer3 str0 writer3 str1"
[DIRECT READER 3] SHM 3 обновилась: " writer3 str0 writer3 str1"
[DIRECT READER 3] SHM 3 обновилась: " writer3 str0 writer3 str1"
[DIRECT READER 3] SHM 3 обновилась: " writer3 str0 writer3 str1"
[DIRECT READER 3] SHM 3 обновилась: " writer3 str0 writer3 str1"
[DIRECT READER 3] SHM 3 обновилась: " writer3 str0 writer3 str1"
[DIRECT READER 3] SHM 3 обновилась: " writer3 str0 writer3 str1"
[DIRECT READER 3] SHM 3 обновилась: " writer3 str0 writer3 str1"
[DIRECT READER 3] SHM 3 обновилась: " writer3 str0 writer3 str1"
[DIRECT READER 3] SHM 3 обновилась: " writer3 str0 writer3 str1"
[DIRECT READER 3] SHM 3 обновилась: " writer3 str0 writer3 str1"
[DIRECT READER 3] SHM 3 обновилась: " writer3 str0 writer3 str1"
[DIRECT READER 3] SHM 3 обновилась: 